Interpolation:
[0.00000000e+00 7.63106706e-01 3.09823489e-01 6.30026280e-02
 3.74659227e-02 5.90027507e-02 2.35557369e-02 2.22044605e-16
 3.90820161e-02 7.26110104e-02 4.25305435e-02 6.90339701e-02
 3.32844140e-01 8.09514610e-01 4.69589645e-15]
sum: 2.6215735246718834
Chebyshev:
[4.38220520e-02 4.75465723e-02 3.66211457e-02 2.77583611e-02
 8.37210537e-02 4.52634569e-03 7.54338907e-02 2.22044605e-16
 1.15443679e-01 5.39733204e-03 9.31967385e-02 2.99847274e-02
 3.89014916e-02 4.99702517e-02 4.57148579e-02]
sum: 0.6980384997037218